../Core/Src/main.c:89:5:main	8	static
../Core/Src/main.c:143:6:SystemClock_Config	88	static
../Core/Src/main.c:189:13:MX_ADC1_Init	56	static
../Core/Src/main.c:257:13:MX_ADC2_Init	40	static
../Core/Src/main.c:316:13:MX_ADC3_Init	56	static
../Core/Src/main.c:384:13:MX_DAC1_Init	56	static
../Core/Src/main.c:431:13:MX_FDCAN1_Init	8	static
../Core/Src/main.c:474:13:MX_LPUART1_UART_Init	8	static
../Core/Src/main.c:521:13:MX_SPI1_Init	8	static
../Core/Src/main.c:561:13:MX_SPI3_Init	8	static
../Core/Src/main.c:601:13:MX_TIM2_Init	56	static
../Core/Src/main.c:650:13:MX_TIM8_Init	112	static
../Core/Src/main.c:738:13:MX_GPIO_Init	56	static
../Core/Src/main.c:809:6:Error_Handler	4	static,ignoring_inline_asm
